// Jest Snapshot v1, https://goo.gl/fbAQLP

exports[`ListItem should match the snapshot 1`] = `
<body>
  <div>
    <li
      class="MuiListItem-root MuiListItem-gutters MuiListItem-padding oxygen-list-item OxygenListItem-root css-wxl0wh-MuiListItem-root"
    >
      This is a list item
    </li>
  </div>
</body>
`;
