// Jest Snapshot v1, https://goo.gl/fbAQLP

exports[`DialogActions should match the snapshot 1`] = `
<body>
  <div>
    <div
      class="MuiDialogActions-root MuiDialogActions-spacing OxygenDialogActions-root css-knqc4i-MuiDialogActions-root"
    />
  </div>
</body>
`;
