// Jest Snapshot v1, https://goo.gl/fbAQLP

exports[`ListItemIcon should match the snapshot 1`] = `
<body>
  <div>
    <div
      class="MuiListItemIcon-root oxygen-list-item-icon OxygenListItemIcon-root css-1djcs2d-MuiListItemIcon-root"
    />
  </div>
</body>
`;
