// Jest Snapshot v1, https://goo.gl/fbAQLP

exports[`Tab should match the snapshot 1`] = `
<body>
  <div>
    <button
      class="MuiButtonBase-root MuiTab-root MuiTab-textColorInherit oxygen-tab OxygenTab-root css-185adt7-MuiButtonBase-root-MuiTab-root"
      role="tab"
      tabindex="-1"
      type="button"
    >
      <span
        class="MuiTouchRipple-root css-8je8zh-MuiTouchRipple-root"
      />
    </button>
  </div>
</body>
`;
