// Jest Snapshot v1, https://goo.gl/fbAQLP

exports[`AlertTitle should match the snapshot 1`] = `
<body>
  <div>
    <div
      class="MuiTypography-root MuiTypography-body1 MuiTypography-gutterBottom MuiAlertTitle-root oxygen-alert-title OxygenAlertTitle-root css-2e5qgq-MuiTypography-root-MuiAlertTitle-root"
    >
      Test title
    </div>
  </div>
</body>
`;
