// Jest Snapshot v1, https://goo.gl/fbAQLP

exports[`Dialog should match the snapshot 1`] = `
<body
  style="padding-right: 1024px; overflow: hidden;"
>
  <div
    aria-hidden="true"
  />
  <div
    class="MuiDialog-root OxygenDialog-root MuiModal-root css-1wzsylk-MuiModal-root-MuiDialog-root"
    role="presentation"
  >
    <div
      aria-hidden="true"
      class="MuiBackdrop-root MuiModal-backdrop css-yiavyu-MuiBackdrop-root-MuiDialog-backdrop"
      style="opacity: 1; webkit-transition: opacity 225ms cubic-bezier(0.4, 0, 0.2, 1) 0ms; transition: opacity 225ms cubic-bezier(0.4, 0, 0.2, 1) 0ms;"
    />
    <div
      data-testid="sentinelStart"
      tabindex="0"
    />
    <div
      class="MuiDialog-container MuiDialog-scrollPaper css-hz1bth-MuiDialog-container"
      role="presentation"
      style="opacity: 1; webkit-transition: opacity 225ms cubic-bezier(0.4, 0, 0.2, 1) 0ms; transition: opacity 225ms cubic-bezier(0.4, 0, 0.2, 1) 0ms;"
      tabindex="-1"
    >
      <div
        aria-labelledby=":r1:"
        class="MuiPaper-root MuiPaper-elevation MuiPaper-rounded MuiPaper-elevation24 MuiDialog-paper MuiDialog-paperScrollPaper MuiDialog-paperWidthSm css-qyj3hh-MuiPaper-root-MuiDialog-paper"
        role="dialog"
      >
        <div />
      </div>
    </div>
    <div
      data-testid="sentinelEnd"
      tabindex="0"
    />
  </div>
</body>
`;
