// Jest Snapshot v1, https://goo.gl/fbAQLP

exports[`ListItemAvatar should match the snapshot 1`] = `
<body>
  <div>
    <div
      class="MuiListItemAvatar-root oxygen-list-item-avatar css-1e9lk82-MuiListItemAvatar-root"
    >
      <div
        class="MuiAvatar-root MuiAvatar-circular MuiAvatar-colorDefault oxygen-avatar OxygenAvatar-root css-pvylc3-MuiAvatar-root"
      >
        U
      </div>
    </div>
  </div>
</body>
`;
