// Jest Snapshot v1, https://goo.gl/fbAQLP

exports[`Card should match the snapshot 1`] = `
<body>
  <div>
    <div
      class="MuiPaper-root MuiPaper-outlined MuiPaper-rounded MuiCard-root oxygen-card OxygenCard-root css-1e3jyt5-MuiPaper-root-MuiCard-root"
    />
  </div>
</body>
`;
