// Jest Snapshot v1, https://goo.gl/fbAQLP

exports[`Paper should match the snapshot 1`] = `
<body>
  <div>
    <div
      class="MuiPaper-root MuiPaper-elevation MuiPaper-rounded MuiPaper-elevation1 oxygen-paper OxygenPaper-root css-10gkmnd-MuiPaper-root"
    />
  </div>
</body>
`;
