// Jest Snapshot v1, https://goo.gl/fbAQLP

exports[`Divider should match the snapshot 1`] = `
<body>
  <div>
    <hr
      class="MuiDivider-root MuiDivider-fullWidth oxygen-divider OxygenDivider-root css-f1a6nn-MuiDivider-root"
    />
  </div>
</body>
`;
