// Jest Snapshot v1, https://goo.gl/fbAQLP

exports[`AccordionDetails should match the snapshot 1`] = `
<body>
  <div>
    <div
      class="MuiAccordionDetails-root oxygen-accordion-details OxygenAccordionDetails-root css-15v22id-MuiAccordionDetails-root"
    />
  </div>
</body>
`;
