// Jest Snapshot v1, https://goo.gl/fbAQLP

exports[`OutlinedInput should match the snapshot 1`] = `
<body>
  <div>
    <div
      class="MuiInputBase-root MuiOutlinedInput-root MuiInputBase-colorPrimary oxygen-outlined-input css-9s98je-MuiInputBase-root-MuiOutlinedInput-root"
    >
      <input
        class="MuiInputBase-input MuiOutlinedInput-input css-d9o7zs-MuiInputBase-input-MuiOutlinedInput-input"
        type="text"
        value=""
      />
      <fieldset
        aria-hidden="true"
        class="MuiOutlinedInput-notchedOutline css-116asjz-MuiOutlinedInput-notchedOutline"
      >
        <legend
          class="css-ihdtdm"
        >
          <span
            class="notranslate"
          >
            â€‹
          </span>
        </legend>
      </fieldset>
    </div>
  </div>
</body>
`;
