// Jest Snapshot v1, https://goo.gl/fbAQLP

exports[`Fab should match the snapshot 1`] = `
<body>
  <div>
    <button
      class="MuiButtonBase-root MuiFab-root MuiFab-circular MuiFab-sizeLarge MuiFab-default MuiFab-root MuiFab-circular MuiFab-sizeLarge MuiFab-default oxygen-fab OxygenFab-root css-124bksi-MuiButtonBase-root-MuiFab-root"
      tabindex="0"
      type="button"
    >
      <span
        class="MuiTouchRipple-root css-8je8zh-MuiTouchRipple-root"
      />
    </button>
  </div>
</body>
`;
