// Jest Snapshot v1, https://goo.gl/fbAQLP

exports[`IconButton should match the snapshot 1`] = `
<body>
  <div>
    <button
      class="MuiButtonBase-root MuiIconButton-root MuiIconButton-sizeMedium oxygen-icon-button OxygenIconButton-root css-lku9zg-MuiButtonBase-root-MuiIconButton-root"
      tabindex="0"
      type="button"
    >
      <svg
        aria-hidden="true"
        class="oxygen-icon oxygen-icon-home"
        fill="currentColor"
        focusable="false"
        height="16"
        role="img"
        style="display: inline-block; overflow: visible; user-select: none; vertical-align: text-bottom;"
        viewBox="0 0 16 16"
        width="16"
      >
        <path
          clip-rule="evenodd"
          d="M5 15.993H2C0.895431 15.993 0 15.0976 0 13.993V6.37428C0 5.73526 0.305378 5.13471 0.821753 4.75824L6.82175 0.383904C7.52386 -0.127968 8.47614 -0.127968 9.17825 0.383904L15.1782 4.75824C15.6946 5.1347 16 5.73526 16 6.37428V13.993C16 15.0976 15.1046 15.993 14 15.993H11V16H5V15.993ZM1.41088 5.56626L7.41088 1.19193C7.76193 0.93599 8.23807 0.935991 8.58912 1.19193L14.5891 5.56626C14.8473 5.75449 15 6.05477 15 6.37428V13.993C15 14.5453 14.5523 14.993 14 14.993H11V10.335C11 9.41459 10.2538 8.66842 9.33333 8.66842H6.66667C5.74619 8.66842 5 9.41459 5 10.335V14.993H2C1.44772 14.993 1 14.5453 1 13.993V6.37428C1 6.05477 1.15269 5.75449 1.41088 5.56626ZM10 14.993H6V10.335C6 9.96686 6.29848 9.66839 6.66667 9.66839H9.33333C9.70152 9.66839 10 9.96686 10 10.335V14.993Z"
          fill=""
          fill-rule="evenodd"
        />
      </svg>
      <span
        class="MuiTouchRipple-root css-8je8zh-MuiTouchRipple-root"
      />
    </button>
  </div>
</body>
`;
