// Jest Snapshot v1, https://goo.gl/fbAQLP

exports[`ListItemButton should match the snapshot 1`] = `
<body>
  <div>
    <div
      class="MuiButtonBase-root MuiListItemButton-root MuiListItemButton-gutters MuiListItemButton-root MuiListItemButton-gutters oxygen-list-item-button OxygenListItemButton-root css-1shd5sk-MuiButtonBase-root-MuiListItemButton-root"
      role="button"
      tabindex="0"
    >
      Button
      <span
        class="MuiTouchRipple-root css-8je8zh-MuiTouchRipple-root"
      />
    </div>
  </div>
</body>
`;
