// Jest Snapshot v1, https://goo.gl/fbAQLP

exports[`TableRow should match the snapshot 1`] = `
<body>
  <div>
    <tr
      class="MuiTableRow-root oxygen-table-row OxygenTableRow-root css-tm3l9i-MuiTableRow-root"
    >
      <p>
        test TableRow
      </p>
    </tr>
  </div>
</body>
`;
