// Jest Snapshot v1, https://goo.gl/fbAQLP

exports[`FormHelperText should match the snapshot 1`] = `
<body>
  <div>
    <p
      class="MuiFormHelperText-root oxygen-form-helper-text OxygenFormHelperText-root css-17sskw4-MuiFormHelperText-root"
    />
  </div>
</body>
`;
