// Jest Snapshot v1, https://goo.gl/fbAQLP

exports[`Box should match the snapshot 1`] = `
<body>
  <div>
    <div
      class="oxygen-box OxygenBox-root MuiBox-root css-0"
    />
  </div>
</body>
`;
