// Jest Snapshot v1, https://goo.gl/fbAQLP

exports[`Footer should match the snapshot 1`] = `
<body>
  <div>
    <footer
      class="oxygen-box OxygenBox-root oxygen-footer OxygenFooter-root MuiBox-root css-0"
    >
      <div
        class="MuiContainer-root MuiContainer-maxWidthLg MuiContainer-disableGutters oxygen-container OxygenContainer-root OxygenFooter-container oxygen-footer-container css-1p4tas-MuiContainer-root"
      />
    </footer>
  </div>
</body>
`;
