// Jest Snapshot v1, https://goo.gl/fbAQLP

exports[`MenuItem should match the snapshot 1`] = `
<body>
  <div>
    <li
      class="MuiButtonBase-root MuiMenuItem-root MuiMenuItem-gutters MuiMenuItem-root MuiMenuItem-gutters oxygen-menu-item OxygenMenuItem-root css-gbhdix-MuiButtonBase-root-MuiMenuItem-root"
      role="menuitem"
      tabindex="-1"
    >
      <span
        class="MuiTouchRipple-root css-8je8zh-MuiTouchRipple-root"
      />
    </li>
  </div>
</body>
`;
