// Jest Snapshot v1, https://goo.gl/fbAQLP

exports[`LinearProgress should match the snapshot 1`] = `
<body>
  <div>
    <span
      aria-label="progress-bar"
      class="MuiLinearProgress-root MuiLinearProgress-colorPrimary MuiLinearProgress-indeterminate oxygen-linear-progress OxygenLinearProgress-root css-mw5jh6-MuiLinearProgress-root"
      role="progressbar"
    >
      <span
        class="MuiLinearProgress-bar MuiLinearProgress-barColorPrimary MuiLinearProgress-bar1Indeterminate css-dhw026-MuiLinearProgress-bar1"
      />
      <span
        class="MuiLinearProgress-bar MuiLinearProgress-barColorPrimary MuiLinearProgress-bar2Indeterminate css-bfn6ps-MuiLinearProgress-bar2"
      />
    </span>
  </div>
</body>
`;
