// Jest Snapshot v1, https://goo.gl/fbAQLP

exports[`Header should match the snapshot 1`] = `
<body>
  <div>
    <header
      class="MuiPaper-root MuiPaper-outlined MuiAppBar-root MuiAppBar-colorDefault MuiAppBar-positionStatic oxygen-app-bar OxygenAppBar-root oxygen-header OxygenHeader-root css-jfx6ty-MuiPaper-root-MuiAppBar-root"
      role="banner"
    >
      <div
        class="MuiToolbar-root MuiToolbar-gutters MuiToolbar-regular oxygen-toolbar OxygenToolbar-root OxygenHeader-toolbar oxygen-header-toolbar css-hyum1k-MuiToolbar-root"
      >
        <div
          class="oxygen-box OxygenBox-root OxygenHeader-userDropdownMenu oxygen-header-user-dropdown-menu MuiBox-root css-0"
        >
          <button
            aria-haspopup="true"
            class="MuiButtonBase-root MuiButton-root MuiLoadingButton-root MuiButton-text MuiButton-textInherit MuiButton-sizeMedium MuiButton-textSizeMedium MuiButton-colorInherit MuiButton-disableElevation MuiButton-root MuiLoadingButton-root MuiButton-text MuiButton-textInherit MuiButton-sizeMedium MuiButton-textSizeMedium MuiButton-colorInherit MuiButton-disableElevation oxygen-button OxygenButton-root css-td69co-MuiButtonBase-root-MuiButton-root-MuiLoadingButton-root"
            id=":r1:"
            tabindex="0"
            type="button"
          >
            <span
              class="MuiButton-icon MuiButton-startIcon MuiButton-iconSizeMedium css-gcc2o7-MuiButton-startIcon"
            >
              <div
                class="MuiAvatar-root MuiAvatar-circular MuiAvatar-colorDefault oxygen-avatar OxygenAvatar-root OxygenHeader-userDropdownMenuImage image css-pvylc3-MuiAvatar-root"
              >
                <svg
                  aria-hidden="true"
                  class="MuiSvgIcon-root MuiSvgIcon-fontSizeMedium MuiAvatar-fallback css-10mi8st-MuiSvgIcon-root-MuiAvatar-fallback"
                  data-testid="PersonIcon"
                  focusable="false"
                  viewBox="0 0 24 24"
                >
                  <path
                    d="M12 12c2.21 0 4-1.79 4-4s-1.79-4-4-4-4 1.79-4 4 1.79 4 4 4zm0 2c-2.67 0-8 1.34-8 4v2h16v-2c0-2.66-5.33-4-8-4z"
                  />
                </svg>
              </div>
            </span>
            <span
              class="MuiButton-icon MuiButton-endIcon MuiButton-iconSizeMedium css-1gnd1fd-MuiButton-endIcon"
            >
              <svg
                aria-hidden="true"
                class="oxygen-icon oxygen-icon-chevron-down"
                fill="currentColor"
                focusable="false"
                height="16"
                role="img"
                style="display: inline-block; overflow: visible; user-select: none; vertical-align: text-bottom;"
                viewBox="0 0 16 16"
                width="16"
              >
                <path
                  clip-rule="evenodd"
                  d="M2.10987 5.58825C2.1099 5.58827 2.10985 5.58823 2.10987 5.58825C1.96343 5.4537 1.96335 5.23547 2.1098 5.10092C2.25624 4.96636 2.49368 4.96636 2.64013 5.10092C2.64003 5.10083 2.64022 5.101 2.64013 5.10092L7.99998 10.0255L13.3598 5.10092C13.5063 4.96636 13.7437 4.96636 13.8902 5.10092C14.0366 5.23547 14.0366 5.45362 13.8902 5.58818L7.99998 11L2.10987 5.58825Z"
                  fill=""
                  fill-rule="evenodd"
                />
              </svg>
            </span>
            <span
              class="MuiTouchRipple-root css-8je8zh-MuiTouchRipple-root"
            />
          </button>
        </div>
      </div>
    </header>
  </div>
</body>
`;
