// Jest Snapshot v1, https://goo.gl/fbAQLP

exports[`Toolbar should match the snapshot 1`] = `
<body>
  <div>
    <div
      class="MuiToolbar-root MuiToolbar-gutters MuiToolbar-regular oxygen-toolbar OxygenToolbar-root css-hyum1k-MuiToolbar-root"
    />
  </div>
</body>
`;
