// Jest Snapshot v1, https://goo.gl/fbAQLP

exports[`FormControlLabel should match the snapshot 1`] = `
<body>
  <div>
    <label
      class="MuiFormControlLabel-root MuiFormControlLabel-labelPlacementEnd oxygen-form-control-label css-tajcny-MuiFormControlLabel-root"
    >
      <span
        class="MuiButtonBase-root MuiCheckbox-root MuiCheckbox-colorPrimary MuiCheckbox-sizeMedium PrivateSwitchBase-root MuiCheckbox-root MuiCheckbox-colorPrimary MuiCheckbox-sizeMedium Mui-checked MuiCheckbox-root MuiCheckbox-colorPrimary MuiCheckbox-sizeMedium oxygen-checkbox css-hvaz3l-MuiButtonBase-root-MuiCheckbox-root"
      >
        <input
          checked=""
          class="PrivateSwitchBase-input css-1m9pwf3"
          data-indeterminate="false"
          type="checkbox"
        />
        <svg
          aria-hidden="true"
          class="MuiSvgIcon-root MuiSvgIcon-fontSizeMedium css-i4bv87-MuiSvgIcon-root"
          data-testid="CheckBoxIcon"
          focusable="false"
          viewBox="0 0 24 24"
        >
          <path
            d="M19 3H5c-1.11 0-2 .9-2 2v14c0 1.1.89 2 2 2h14c1.11 0 2-.9 2-2V5c0-1.1-.89-2-2-2zm-9 14l-5-5 1.41-1.41L10 14.17l7.59-7.59L19 8l-9 9z"
          />
        </svg>
        <span
          class="MuiTouchRipple-root css-8je8zh-MuiTouchRipple-root"
        />
      </span>
      <span
        class="MuiTypography-root MuiTypography-body1 MuiFormControlLabel-label css-1qp7oek-MuiTypography-root"
      >
        Label
      </span>
    </label>
  </div>
</body>
`;
