// Jest Snapshot v1, https://goo.gl/fbAQLP

exports[`InputAdornment should match the snapshot 1`] = `
<body>
  <div>
    <div
      class="MuiInputAdornment-root MuiInputAdornment-positionStart oxygen-input-adornment OxygenInputAdornment-root css-1ju4t5z-MuiInputAdornment-root"
    >
      <span
        class="notranslate"
      >
        â€‹
      </span>
    </div>
  </div>
</body>
`;
