// Jest Snapshot v1, https://goo.gl/fbAQLP

exports[`Code should match the snapshot 1`] = `
<body>
  <div>
    <code
      class="MuiTypography-root MuiTypography-body1 oxygen-typography OxygenTypography-root oxygen-code filled OxygenCode-root OxygenCode-filled css-1qp7oek-MuiTypography-root"
    >
      Code Block
    </code>
  </div>
</body>
`;
